 Kernel

 Timestamp is 57c026f5 (Fri Aug 26 13:24:37 2016)

 Preferred load address is 00100000

 Start         Length     Name                   Class
 0001:00000000 0000064dH .text$mn                CODE
 0002:00000000 000000acH .rdata                  DATA
 0002:000000ac 00000000H .edata                  DATA
 0002:000000ac 00000060H .rdata$zzzdbg           DATA
 0003:00000000 00000004H .data                   DATA
 0003:00000004 00000008H .bss                    DATA

  Address         Publics by Value              Rva+Base       Lib:Object

 0000:00000000       ___guard_longjmp_count     00000000     <absolute>
 0000:00000000       ___guard_fids_table        00000000     <absolute>
 0000:00000000       ___guard_longjmp_table     00000000     <absolute>
 0000:00000000       ___safe_se_handler_count   00000000     <absolute>
 0000:00000000       ___dynamic_value_reloc_table 00000000     <absolute>
 0000:00000000       ___guard_iat_count         00000000     <absolute>
 0000:00000000       ___safe_se_handler_table   00000000     <absolute>
 0000:00000000       ___guard_fids_count        00000000     <absolute>
 0000:00000000       ___guard_flags             00000000     <absolute>
 0000:00000000       ___guard_iat_table         00000000     <absolute>
 0001:00000000       ?kmain@@YAXPAE@Z           00101000 f   main.obj
 0001:000000f0       ?SMAP_Init@@YAXPAUSMAP@@PAE@Z 001010f0 f   smap.obj
 0001:00000110       ?_clr@@YAXXZ               00101110 f   kstdlib:stdio.obj
 0001:00000130       ?_print@@YAXPBD@Z          00101130 f   kstdlib:stdio.obj
 0001:00000150       ?_print@@YAXPBDI@Z         00101150 f   kstdlib:stdio.obj
 0001:00000220       ?_printf@@YAXPBDZZ         00101220 f   kstdlib:stdio.obj
 0001:00000250       ?_memcpy@@YAXPAXQBXI@Z     00101250 f   kstdlib:memory.obj
 0001:00000270       ?_memset@@YAXPAXEI@Z       00101270 f   kstdlib:memory.obj
 0001:00000290       ?_strlen@@YAIPBD@Z         00101290 f   kstdlib:string.obj
 0001:000002b0       ?_uint32ToString@@YAIIIPAD@Z 001012b0 f   kstdlib:string.obj
 0001:00000340       ?_uint64ToString@@YAI_KIPAD@Z 00101340 f   kstdlib:string.obj
 0001:000003e0       ?_vsprintf@@YAIPADPBDPAE@Z 001013e0 f   kstdlib:string.obj
 0001:00000610       ?uint64div@@YA_K_KIPAI@Z   00101610 f   kstdlib:math64.obj

 entry point at        0000:00000000

 Static symbols

 0001:000005bc       $LN34                      001015bc     kstdlib:string.obj
 0001:000005d4       $LN30                      001015d4     kstdlib:string.obj
 0002:00000000       $SG2966                    00102000     main.obj
 0002:00000018       $SG2967                    00102018     main.obj
 0002:00000030       $SG2970                    00102030     main.obj
 0002:00000054       $SG2971                    00102054     main.obj
 0002:00000074       ?chars@@3QBDB              00102074     kstdlib:string.obj
 0003:00000000       ?textColor@@3EA            00103000     kstdlib:stdio.obj
 0003:00000004       ?xCursor@@3IA              00103004     kstdlib:stdio.obj
 0003:00000008       ?yCursor@@3IA              00103008     kstdlib:stdio.obj
