 Kernel

 Timestamp is 5759a4db (Thu Jun  9 19:18:19 2016)

 Preferred load address is 00100000

 Start         Length     Name                   Class
 0001:00000000 00000162H .text$mn                CODE
 0002:00000000 0000003cH .rdata                  DATA
 0002:0000003c 00000060H .rdata$zzzdbg           DATA
 0003:00000000 00000004H .data                   DATA
 0003:00000004 00000008H .bss                    DATA

  Address         Publics by Value              Rva+Base       Lib:Object

 0000:00000000       ___guard_fids_count        00000000     <absolute>
 0000:00000000       ___guard_iat_table         00000000     <absolute>
 0000:00000000       ___safe_se_handler_count   00000000     <absolute>
 0000:00000000       ___dynamic_value_reloc_table 00000000     <absolute>
 0000:00000000       ___guard_iat_count         00000000     <absolute>
 0000:00000000       ___safe_se_handler_table   00000000     <absolute>
 0000:00000000       ___guard_flags             00000000     <absolute>
 0000:00000000       ___guard_fids_table        00000000     <absolute>
 0000:00000000       ___guard_longjmp_count     00000000     <absolute>
 0000:00000000       ___guard_longjmp_table     00000000     <absolute>
 0001:00000000       ?kmain@@YAXXZ              00101000 f   main.obj
 0001:00000020       ?_clr@@YAXXZ               00101020 f   kstdlib:stdio.obj
 0001:00000040       ?_print@@YAXPBD@Z          00101040 f   kstdlib:stdio.obj
 0001:00000060       ?_print@@YAXPBDI@Z         00101060 f   kstdlib:stdio.obj
 0001:00000130       ?_memset@@YAXPAXEI@Z       00101130 f   kstdlib:memory.obj
 0001:00000150       ?_strlen@@YAIPBD@Z         00101150 f   kstdlib:string.obj
 0002:00000000       ??_C@_0N@HEBKNGPF@Loading?4?4?4?4?6?$AA@ 00102000     main.obj

 entry point at        0000:00000000

 Static symbols

 0002:00000010       ?chars@@3QBDB              00102010     kstdlib:string.obj
 0003:00000000       ?textColor@@3EA            00103000     kstdlib:stdio.obj
 0003:00000004       ?xCursor@@3IA              00103004     kstdlib:stdio.obj
 0003:00000008       ?yCursor@@3IA              00103008     kstdlib:stdio.obj
