 Kernel

 Timestamp is 57bee4ae (Thu Aug 25 14:29:34 2016)

 Preferred load address is 00100000

 Start         Length     Name                   Class
 0001:00000000 00000487H .text$mn                CODE
 0002:00000000 000000acH .rdata                  DATA
 0002:000000ac 00000000H .edata                  DATA
 0002:000000ac 00000060H .rdata$zzzdbg           DATA
 0003:00000000 00000004H .data                   DATA
 0003:00000004 00000008H .bss                    DATA

  Address         Publics by Value              Rva+Base       Lib:Object

 0000:00000000       ___guard_flags             00000000     <absolute>
 0000:00000000       ___guard_fids_table        00000000     <absolute>
 0000:00000000       ___guard_iat_count         00000000     <absolute>
 0000:00000000       ___safe_se_handler_count   00000000     <absolute>
 0000:00000000       ___dynamic_value_reloc_table 00000000     <absolute>
 0000:00000000       ___guard_iat_table         00000000     <absolute>
 0000:00000000       ___safe_se_handler_table   00000000     <absolute>
 0000:00000000       ___guard_longjmp_table     00000000     <absolute>
 0000:00000000       ___guard_fids_count        00000000     <absolute>
 0000:00000000       ___guard_longjmp_count     00000000     <absolute>
 0001:00000000       ?kmain@@YAXPAE@Z           00101000 f   main.obj
 0001:000000e0       ?SMAP_Init@@YAXPAUSMAP@@PAE@Z 001010e0 f   smap.obj
 0001:00000100       ?_clr@@YAXXZ               00101100 f   kstdlib:stdio.obj
 0001:00000120       ?_print@@YAXPBD@Z          00101120 f   kstdlib:stdio.obj
 0001:00000140       ?_print@@YAXPBDI@Z         00101140 f   kstdlib:stdio.obj
 0001:00000210       ?_printf@@YAXPBDZZ         00101210 f   kstdlib:stdio.obj
 0001:00000240       ?_memcpy@@YAXPAXQBXI@Z     00101240 f   kstdlib:memory.obj
 0001:00000260       ?_memset@@YAXPAXEI@Z       00101260 f   kstdlib:memory.obj
 0001:00000280       ?_strlen@@YAIPBD@Z         00101280 f   kstdlib:string.obj
 0001:000002a0       ?_uint32ToString@@YAIIIPAD@Z 001012a0 f   kstdlib:string.obj
 0001:00000330       ?_vsprintf@@YAIPADPBDPAE@Z 00101330 f   kstdlib:string.obj

 entry point at        0000:00000000

 Static symbols

 0001:00000444       $LN31                      00101444     kstdlib:string.obj
 0001:00000454       $LN27                      00101454     kstdlib:string.obj
 0002:00000000       $SG2965                    00102000     main.obj
 0002:00000018       $SG2966                    00102018     main.obj
 0002:00000030       $SG2969                    00102030     main.obj
 0002:00000054       $SG2970                    00102054     main.obj
 0002:00000074       ?chars@@3QBDB              00102074     kstdlib:string.obj
 0003:00000000       ?textColor@@3EA            00103000     kstdlib:stdio.obj
 0003:00000004       ?xCursor@@3IA              00103004     kstdlib:stdio.obj
 0003:00000008       ?yCursor@@3IA              00103008     kstdlib:stdio.obj
